
> frontend@0.0.0 build
> vite build

vite v8.0.3 building client environment for production...
[2Ktransforming...✓ 2133 modules transformed.
rendering chunks...
computing gzip size...
dist/index.html                   0.45 kB │ gzip:   0.29 kB
dist/assets/index-ByWe2lPF.css   70.70 kB │ gzip:  11.12 kB
dist/assets/index-Dc8VmrAZ.js   383.05 kB │ gzip: 117.86 kB

✗ Build failed in 560ms
error during build:
Build failed with 1 error:

Error: [vite]: Rolldown failed to resolve import "recharts" from "/Users/srivarshans/devxray/frontend/src/components/ScoreHistoryChart.jsx".
This is most likely unintended because it can break your application at runtime.
If you do want to externalize this module explicitly add it to
`build.rollupOptions.external`
    at viteLog (file:///Users/srivarshans/devxray/frontend/node_modules/vite/dist/node/chunks/node.js:32942:57)
    at file:///Users/srivarshans/devxray/frontend/node_modules/vite/dist/node/chunks/node.js:32978:71
    at onwarn (file:///Users/srivarshans/devxray/frontend/node_modules/@vitejs/plugin-react/dist/index.js:40:7)
    at file:///Users/srivarshans/devxray/frontend/node_modules/vite/dist/node/chunks/node.js:32978:28
    at onRollupLog (file:///Users/srivarshans/devxray/frontend/node_modules/vite/dist/node/chunks/node.js:32973:63)
    at onLog (file:///Users/srivarshans/devxray/frontend/node_modules/vite/dist/node/chunks/node.js:32743:4)
    at file:///Users/srivarshans/devxray/frontend/node_modules/rolldown/dist/shared/rolldown-build-CPrIX9V6.mjs:49:26
    at logger (file:///Users/srivarshans/devxray/frontend/node_modules/rolldown/dist/shared/rolldown-build-CPrIX9V6.mjs:40:3)
    at onLog (file:///Users/srivarshans/devxray/frontend/node_modules/rolldown/dist/shared/bindingify-input-options-e7ze4hPR.mjs:1972:32)
    at aggregateBindingErrorsIntoJsError (file:///Users/srivarshans/devxray/frontend/node_modules/rolldown/dist/shared/error-BLhcSyeg.mjs:48:18)
    at unwrapBindingResult (file:///Users/srivarshans/devxray/frontend/node_modules/rolldown/dist/shared/error-BLhcSyeg.mjs:18:128)
    at #build (file:///Users/srivarshans/devxray/frontend/node_modules/rolldown/dist/shared/rolldown-build-CPrIX9V6.mjs:3313:34)
    at async buildEnvironment (file:///Users/srivarshans/devxray/frontend/node_modules/vite/dist/node/chunks/node.js:32849:64)
    at async Object.build (file:///Users/srivarshans/devxray/frontend/node_modules/vite/dist/node/chunks/node.js:33271:19)
    at async Object.buildApp (file:///Users/srivarshans/devxray/frontend/node_modules/vite/dist/node/chunks/node.js:33268:153)
    at async CAC.<anonymous> (file:///Users/srivarshans/devxray/frontend/node_modules/vite/dist/node/cli.js:778:3) {
  errors: [Getter/Setter]
}
